Jun 14 17:03:00 asd kernel: [ 3250.145267] ICMP echo-requesttt: IN=wlan0 OUT= MAC=74:e5:43:fa:99:4f:08:00:27:69:e7:21:08:00 SRC=10.0.0.39 DST=10.0.0.37 LEN=84 TOS=0x00 PREC=0x00 TTL=64 ID=64323 DF PROTO=ICMP TYPE=8 CODE=0 ID=4407 SEQ=1 
Jun 14 17:03:01 asd kernel: [ 3251.145776] ICMP echo-requesttt: IN=wlan0 OUT= MAC=74:e5:43:fa:99:4f:08:00:27:69:e7:21:08:00 SRC=10.0.0.39 DST=10.0.0.37 LEN=84 TOS=0x00 PREC=0x00 TTL=64 ID=64324 DF PROTO=ICMP TYPE=8 CODE=0 ID=4407 SEQ=2 
Jun 14 17:03:02 asd kernel: [ 3252.145933] ICMP echo-requesttt: IN=wlan0 OUT= MAC=74:e5:43:fa:99:4f:08:00:27:69:e7:21:08:00 SRC=10.0.0.39 DST=10.0.0.37 LEN=84 TOS=0x00 PREC=0x00 TTL=64 ID=64325 DF PROTO=ICMP TYPE=8 CODE=0 ID=4407 SEQ=3 
Jun 14 17:03:03 asd kernel: [ 3253.146165] ICMP echo-requesttt: IN=wlan0 OUT= MAC=74:e5:43:fa:99:4f:08:00:27:69:e7:21:08:00 SRC=10.0.0.39 DST=10.0.0.37 LEN=84 TOS=0x00 PREC=0x00 TTL=64 ID=64326 DF PROTO=ICMP TYPE=8 CODE=0 ID=4407 SEQ=4 
Jun 14 17:03:04 asd kernel: [ 3254.146499] ICMP echo-requesttt: IN=wlan0 OUT= MAC=74:e5:43:fa:99:4f:08:00:27:69:e7:21:08:00 SRC=10.0.0.39 DST=10.0.0.37 LEN=84 TOS=0x00 PREC=0x00 TTL=64 ID=64327 DF PROTO=ICMP TYPE=8 CODE=0 ID=4407 SEQ=5 
Jun 14 17:03:05 asd kernel: [ 3255.146666] ICMP echo-requesttt: IN=wlan0 OUT= MAC=74:e5:43:fa:99:4f:08:00:27:69:e7:21:08:00 SRC=10.0.0.39 DST=10.0.0.37 LEN=84 TOS=0x00 PREC=0x00 TTL=64 ID=64328 DF PROTO=ICMP TYPE=8 CODE=0 ID=4407 SEQ=6 
Jun 14 17:03:06 asd kernel: [ 3256.146488] ICMP echo-requesttt: IN=wlan0 OUT= MAC=74:e5:43:fa:99:4f:08:00:27:69:e7:21:08:00 SRC=10.0.0.39 DST=10.0.0.37 LEN=84 TOS=0x00 PREC=0x00 TTL=64 ID=64329 DF PROTO=ICMP TYPE=8 CODE=0 ID=4407 SEQ=7 
Jun 14 17:03:07 asd kernel: [ 3257.146420] ICMP echo-requesttt: IN=wlan0 OUT= MAC=74:e5:43:fa:99:4f:08:00:27:69:e7:21:08:00 SRC=10.0.0.39 DST=10.0.0.37 LEN=84 TOS=0x00 PREC=0x00 TTL=64 ID=64330 DF PROTO=ICMP TYPE=8 CODE=0 ID=4407 SEQ=8 
Jun 14 17:03:08 asd kernel: [ 3258.146469] ICMP echo-requesttt: IN=wlan0 OUT= MAC=74:e5:43:fa:99:4f:08:00:27:69:e7:21:08:00 SRC=10.0.0.39 DST=10.0.0.37 LEN=84 TOS=0x00 PREC=0x00 TTL=64 ID=64331 DF PROTO=ICMP TYPE=8 CODE=0 ID=4407 SEQ=9 
Jun 14 17:34:38 asd kernel: [ 5149.089693] vboxnetflt: 18 out of 37461 packets were not sent (directed to host)
Jun 14 18:18:46 asd kernel: [    0.000000] ACPI: RSDP 0x000F0450 000024 (v02 PEGA  )
Jun 14 18:18:46 asd kernel: [    0.000000] ACPI: XSDT 0xDA969078 000064 (v01 PEGA   PEGANB   00000001 AMI  00010013)
Jun 14 18:18:46 asd kernel: [    0.000000] ACPI: FACP 0xDA97BF68 0000F4 (v04 PEGA   PEGANB   00000001 AMI  00010013)
Jun 14 18:18:46 asd kernel: [    0.000000] ACPI: DSDT 0xDA969178 012DED (v02 PEGA   PEGANB   00000000 INTL 20051117)
Jun 14 18:18:46 asd kernel: [    0.000000] ACPI: FACS 0xDA9A4F80 000040
Jun 14 18:18:46 asd kernel: [    0.000000] ACPI: APIC 0xDA97C060 000072 (v03 PEGA   PEGANB   00000001 AMI  00010013)
Jun 14 18:18:46 asd kernel: [    0.000000] ACPI: ECDT 0xDA97C0D8 0000C1 (v01 PEGA   PEGANB   00000001 AMI. 00000005)
Jun 14 18:18:46 asd kernel: [    0.000000] ACPI: MCFG 0xDA97C1A0 00003C (v01 PEGA   PEGANB   00000001 MSFT 00000097)
Jun 14 18:18:46 asd kernel: [    0.000000] ACPI: HPET 0xDA97C1E0 000038 (v01 PEGA   PEGANB   00000001 AMI. 00000005)
Jun 14 18:18:46 asd kernel: [    0.000000] ACPI: SSDT 0xDA97C218 0003B9 (v01 PEGA   PEGANB   00001000 INTL 20091112)
Jun 14 18:18:46 asd kernel: [    0.000000] ACPI: SSDT 0xDA97C5D8 0009C8 (v01 PEGA   PEGANB   00003000 INTL 20051117)
Jun 14 18:18:46 asd kernel: [    0.000000] ACPI: SSDT 0xDA97CFA0 000A92 (v01 PEGA   PEGANB   00003000 INTL 20051117)
Jun 14 18:18:46 asd kernel: [    0.000000] Zone ranges:
Jun 14 18:18:46 asd kernel: [    0.000000]   DMA      [mem 0x00001000-0x00ffffff]
Jun 14 18:18:46 asd kernel: [    0.000000]   Normal   [mem 0x01000000-0x375fdfff]
Jun 14 18:18:46 asd kernel: [    0.000000]   HighMem  [mem 0x375fe000-0x9f5fffff]
Jun 14 18:18:46 asd kernel: [    0.000000] Movable zone start for each node
Jun 14 18:18:46 asd kernel: [    0.000000] Early memory node ranges
Jun 14 18:18:46 asd kernel: [    0.000000]   node   0: [mem 0x00001000-0x0009cfff]
Jun 14 18:18:46 asd kernel: [    0.000000]   node   0: [mem 0x00100000-0x1fffffff]
Jun 14 18:18:46 asd kernel: [    0.000000]   node   0: [mem 0x20200000-0x40003fff]
Jun 14 18:18:46 asd kernel: [    0.000000]   node   0: [mem 0x40005000-0xda125fff]
Jun 14 18:18:46 asd kernel: [    0.000000]   node   0: [mem 0xda9ef000-0xdade2fff]
Jun 14 18:18:46 asd kernel: [    0.000000]   node   0: [mem 0xdaff3000-0xdaffffff]
Jun 14 18:18:46 asd kernel: [    0.000000]   node   0: [mem 0x00000000-0x9f5fffff]
Jun 14 18:18:46 asd kernel: [    0.000000] Built 1 zonelists in Zone order, mobility grouping on.  Total pages: 1544662
Jun 14 18:18:46 asd kernel: [    0.000000] Memory: 6109336K/6185736K available (4599K kernel code, 518K rwdata, 1448K rodata, 656K init, 460K bss, 76400K reserved, 5280928K highmem)
Jun 14 18:18:46 asd kernel: [    0.011337] ACPI: All ACPI Tables successfully acquired
Jun 14 18:18:46 asd kernel: [    0.013988] ENERGY_PERF_BIAS: Set to 'normal', was 'performance'
Jun 14 18:18:46 asd kernel: [    0.013988] ENERGY_PERF_BIAS: View and update with x86_energy_perf_policy(8)
Jun 14 18:18:46 asd kernel: [    0.079127]  #2
Jun 14 18:18:46 asd kernel: [    0.093062]  #3
Jun 14 18:18:46 asd kernel: [    0.127921] ACPI: Executed 1 blocks of module-level executable AML code
Jun 14 18:18:46 asd kernel: [    0.142172] ACPI: Dynamic OEM Table Load:
Jun 14 18:18:46 asd kernel: [    0.142179] ACPI: SSDT 0xF2E3A000 000859 (v01 PmRef  Cpu0Cst  00003001 INTL 20051117)
Jun 14 18:18:46 asd kernel: [    0.155185] ACPI: Dynamic OEM Table Load:
Jun 14 18:18:46 asd kernel: [    0.155190] ACPI: SSDT 0xF2EAA800 000303 (v01 PmRef  ApIst    00003000 INTL 20051117)
Jun 14 18:18:46 asd kernel: [    0.171071] ACPI: Dynamic OEM Table Load:
Jun 14 18:18:46 asd kernel: [    0.171074] ACPI: SSDT 0xF2E9E200 000119 (v01 PmRef  ApCst    00003000 INTL 20051117)
Jun 14 18:18:46 asd kernel: [    0.183519] ACPI Exception: AE_NOT_FOUND, While evaluating Sleep State [\_S2_] (20140424/hwxface-580)
Jun 14 18:18:46 asd kernel: [    0.254461] ACPI: Enabled 3 GPEs in block 00 to 3F
Jun 14 18:18:46 asd kernel: [    0.592126] Dquot-cache hash table entries: 1024 (order 0, 4096 bytes)
Jun 14 18:18:46 asd kernel: [    0.980550] r8169 0000:03:00.0: can't disable ASPM; OS doesn't have ASPM control
Jun 14 18:18:46 asd kernel: [    1.357169] ACPI Error: Field [CMDX] at 224 exceeds Buffer [SCBF] size 168 (bits) (20140424/dsopcode-236)
Jun 14 18:18:46 asd kernel: [    1.357179] ACPI Error: Method parse/execution failed [\GTFB] (Node f2c42300), AE_AML_BUFFER_LIMIT (20140424/psparse-536)
Jun 14 18:18:46 asd kernel: [    1.357191] ACPI Error: Method parse/execution failed [\_SB_.PCI0.SAT0.SPT4._GTF] (Node f2c42120), AE_AML_BUFFER_LIMIT (20140424/psparse-536)
Jun 14 18:18:46 asd kernel: [    1.357203] ata5.00: _GTF evaluation failed (AE 0x300a)
Jun 14 18:18:46 asd kernel: [    1.359641] ACPI Error: Field [CMDX] at 224 exceeds Buffer [SCBF] size 168 (bits) (20140424/dsopcode-236)
Jun 14 18:18:46 asd kernel: [    1.359651] ACPI Error: Method parse/execution failed [\GTFB] (Node f2c42300), AE_AML_BUFFER_LIMIT (20140424/psparse-536)
Jun 14 18:18:46 asd kernel: [    1.359662] ACPI Error: Method parse/execution failed [\_SB_.PCI0.SAT0.SPT4._GTF] (Node f2c42120), AE_AML_BUFFER_LIMIT (20140424/psparse-536)
Jun 14 18:18:46 asd kernel: [    1.359674] ata5.00: _GTF evaluation failed (AE 0x300a)
Jun 14 18:18:46 asd kernel: [    1.389916] sr0: scsi3-mmc drive: 24x/24x writer dvd-ram cd/rw xa/form2 cdda tray
Jun 14 18:18:46 asd kernel: [    7.732008] ACPI Warning: SystemIO range 0x00000428-0x0000042f conflicts with OpRegion 0x00000400-0x0000044f (\GPIS) (20140424/utaddress-258)
Jun 14 18:18:46 asd kernel: [    7.732016] ACPI Warning: SystemIO range 0x00000428-0x0000042f conflicts with OpRegion 0x00000400-0x0000047f (\PMIX) (20140424/utaddress-258)
Jun 14 18:18:46 asd kernel: [    7.732021] ACPI Warning: SystemIO range 0x00000428-0x0000042f conflicts with OpRegion 0x00000400-0x0000047f (\PMIO) (20140424/utaddress-258)
Jun 14 18:18:46 asd kernel: [    7.732025] ACPI Warning: SystemIO range 0x00000428-0x0000042f conflicts with OpRegion 0x00000400-0x0000047f (\_SB_.PCI0.VGA_.TCOI) (20140424/utaddress-258)
Jun 14 18:18:46 asd kernel: [    7.732035] ACPI Warning: SystemIO range 0x00000540-0x0000054f conflicts with OpRegion 0x00000500-0x0000057f (\GPXX) (20140424/utaddress-258)
Jun 14 18:18:46 asd kernel: [    7.732039] ACPI Warning: SystemIO range 0x00000540-0x0000054f conflicts with OpRegion 0x00000500-0x00000563 (\GPIO) (20140424/utaddress-258)
Jun 14 18:18:46 asd kernel: [    7.732044] ACPI Warning: SystemIO range 0x00000530-0x0000053f conflicts with OpRegion 0x00000500-0x0000057f (\GPXX) (20140424/utaddress-258)
Jun 14 18:18:46 asd kernel: [    7.732048] ACPI Warning: SystemIO range 0x00000530-0x0000053f conflicts with OpRegion 0x00000500-0x00000563 (\GPIO) (20140424/utaddress-258)
Jun 14 18:18:46 asd kernel: [    7.732053] ACPI Warning: SystemIO range 0x00000500-0x0000052f conflicts with OpRegion 0x00000500-0x0000057f (\GPXX) (20140424/utaddress-258)
Jun 14 18:18:46 asd kernel: [    7.732057] ACPI Warning: SystemIO range 0x00000500-0x0000052f conflicts with OpRegion 0x00000500-0x00000563 (\GPIO) (20140424/utaddress-258)
Jun 14 18:18:46 asd kernel: [    7.732062] lpc_ich: Resource conflict(s) found affecting gpio_ich
Jun 14 18:18:46 asd kernel: [    7.793299] ACPI Warning: SystemIO range 0x0000f040-0x0000f05f conflicts with OpRegion 0x0000f040-0x0000f04f (\_SB_.PCI0.SBUS.SMBI) (20140424/utaddress-258)
Jun 14 18:18:46 asd kernel: [    9.483846] [drm:cpt_set_fifo_underrun_reporting] *ERROR* uncleared pch fifo underrun on pch transcoder A
Jun 14 18:18:46 asd kernel: [    9.483847] [drm:cpt_serr_int_handler] *ERROR* PCH transcoder A FIFO underrun
Jun 14 18:18:46 asd kernel: [    9.897652] usb 1-1.4: firmware: failed to load ar3k/AthrBT_0x01020200.dfu (-2)
Jun 14 18:18:46 asd kernel: [    9.897714] usb 1-1.4: Direct firmware load failed with error -2
Jun 14 18:18:46 asd kernel: [    9.897717] usb 1-1.4: Falling back to user helper
Jun 14 18:18:46 asd kernel: [    9.898557] Bluetooth: Loading patch file failed
Jun 14 18:18:46 asd kernel: [    9.898622] ath3k: probe of 1-1.4:1.0 failed with error -12
Jun 14 18:18:46 asd kernel: [   14.930484] vboxdrv: fAsync=0 offMin=0x42c offMax=0x4a70
Jun 14 18:18:47 asd kernel: [   20.077089] r8169 0000:03:00.0: firmware: failed to load rtl_nic/rtl8168e-3.fw (-2)
Jun 14 18:18:47 asd kernel: [   20.077179] r8169 0000:03:00.0: Direct firmware load failed with error -2
Jun 14 18:18:47 asd kernel: [   20.077182] r8169 0000:03:00.0: Falling back to user helper
Jun 14 18:18:47 asd kernel: [   20.078454] r8169 0000:03:00.0 eth0: unable to load firmware patch rtl_nic/rtl8168e-3.fw (-12)
